// Jest Snapshot v1, https://goo.gl/fbAQLP

exports[`Dashboard snapshot 1`] = `
<div>
  <div
    class="bn-dashboard"
  >
    <div>
      <header
        class="bn-header"
      >
        <h2
          style="margin: 0px;"
        >
          Signal feed
        </h2>
        <div
          style="font-size: 12px; color: rgb(198, 40, 40);"
        >
          Socket: 
          disconnected
        </div>
      </header>
      <div
        class="bn-card"
        style="margin-top: 12px; position: relative;"
      >
        <div
          class="chart-current-value"
        >
          Current: —
        </div>
        <div
          class="chart-panel"
          style="width: 100%; height: 360px; position: relative;"
        >
          <div
            style="width: 100%; height: 100%;"
          />
          <div
            aria-live="polite"
            class="chart-legend"
            role="status"
            style="position: absolute; right: 8px; top: 8px; background: rgb(255, 255, 255); padding: 4px 8px; border-radius: 4px; box-shadow: 0 1px 3px rgba(0,0,0,0.08); font-size: 12px;"
          >
            Current: —
          </div>
          <div
            aria-hidden="true"
            class="chart-tooltip"
            role="tooltip"
            style="display: none; position: absolute; pointer-events: none; transform: translateX(-50%); background: rgb(34, 34, 34); color: rgb(255, 255, 255); padding: 6px 8px; border-radius: 4px; font-size: 12px;"
          />
        </div>
      </div>
      <section
        class="bn-card"
        style="margin-top: 12px;"
      >
        <h3
          style="margin-top: 0px;"
        >
          Recent signals
        </h3>
        <ul
          class="bn-recent-list"
        />
      </section>
    </div>
    <aside
      class="bn-aside"
    >
      <div
        class="bn-card"
      >
        <div>
          <h3>
            Rules
          </h3>
          <ul />
        </div>
      </div>
    </aside>
  </div>
</div>
`;
